apiVersion: networking.x-k8s.io/v1alpha1
kind: GatewayClass
metadata:
  creationTimestamp: null
  name: istio
  namespace: default
spec: null
status:
  conditions:
  - lastTransitionTime: fake
    message: Handled by Istio controller
    reason: Handled
    status: "True"
    type: Admitted
---
apiVersion: networking.x-k8s.io/v1alpha1
kind: Gateway
metadata:
  creationTimestamp: null
  name: gateway
  namespace: default
spec: null
status:
  conditions:
  - lastTransitionTime: fake
    message: Listeners valid
    reason: ListenersValid
    status: "True"
    type: Ready
  - lastTransitionTime: fake
    message: Resources available
    reason: ResourcesAvailable
    status: "True"
    type: Scheduled
  listeners:
  - conditions:
    - lastTransitionTime: fake
      message: No error found
      reason: ListenerReady
      status: "True"
      type: Ready
    port: 34000
    protocol: TCP
---
apiVersion: networking.x-k8s.io/v1alpha1
kind: TCPRoute
metadata:
  creationTimestamp: null
  name: tcp
  namespace: default
spec: null
status:
  gateways:
  - conditions:
    - lastTransitionTime: fake
      message: Route admitted
      reason: RouteAdmitted
      status: "True"
      type: Admitted
    gatewayRef:
      name: gateway-istio-autogenerated-k8s-gateway
      namespace: default
---
apiVersion: networking.x-k8s.io/v1alpha1
kind: BackendPolicy
metadata:
  creationTimestamp: null
  name: httpbin1
  namespace: default
spec:
  backendRefs:
  - group: core
    kind: ""
    name: httpbin1
  tls:
    certificateAuthorityRef:
      group: core
      kind: Secret
      name: ca-cert
status:
  Dirty: false
  Status: {}
---
apiVersion: networking.x-k8s.io/v1alpha1
kind: BackendPolicy
metadata:
  creationTimestamp: null
  name: httpbin2
  namespace: default
spec:
  backendRefs:
  - group: core
    kind: ""
    name: httpbin
    port: 80
  tls:
    certificateAuthorityRef:
      group: core
      kind: Secret
      name: ca-cert
status:
  Dirty: false
  Status: {}
---
