apiVersion: networking.istio.io/v1alpha3
kind: Gateway
metadata:
  annotations:
    internal.istio.io/gateway-service: istio-ingressgateway.istio-system.svc.domain.suffix
  creationTimestamp: null
  name: gateway-istio-autogenerated-k8s-gateway
  namespace: istio-system
spec:
  servers:
  - hosts:
    - apple.example
    port:
      name: 0-gateway-gateway-istio-system
      number: 80
      protocol: HTTP
  - hosts:
    - banana.example
    port:
      name: 1-gateway-gateway-istio-system
      number: 80
      protocol: HTTP
---
apiVersion: networking.istio.io/v1alpha3
kind: VirtualService
metadata:
  creationTimestamp: null
  name: http-istio-autogenerated-k8s-gateway
  namespace: apple
spec:
  gateways:
  - istio-system/gateway-istio-autogenerated-k8s-gateway
  hosts:
  - '*'
  http:
  - route:
    - destination:
        host: httpbin-apple.apple.svc.domain.suffix
        port:
          number: 80
---
apiVersion: networking.istio.io/v1alpha3
kind: VirtualService
metadata:
  creationTimestamp: null
  name: http-istio-autogenerated-k8s-gateway
  namespace: banana
spec:
  gateways:
  - istio-system/gateway-istio-autogenerated-k8s-gateway
  hosts:
  - '*'
  http:
  - route:
    - destination:
        host: httpbin-banana.banana.svc.domain.suffix
        port:
          number: 80
---
