apiVersion: networking.x-k8s.io/v1alpha1
kind: GatewayClass
metadata:
  creationTimestamp: null
  name: istio
  namespace: default
spec: null
status:
  conditions:
  - lastTransitionTime: fake
    message: Handled by Istio controller
    reason: Handled
    status: "True"
    type: Admitted
---
apiVersion: networking.x-k8s.io/v1alpha1
kind: Gateway
metadata:
  creationTimestamp: null
  name: gateway
  namespace: default
spec: null
status:
  conditions:
  - lastTransitionTime: fake
    message: Listeners valid
    reason: ListenersValid
    status: "True"
    type: Ready
  - lastTransitionTime: fake
    message: Resources available
    reason: ResourcesAvailable
    status: "True"
    type: Scheduled
  listeners:
  - conditions:
    - lastTransitionTime: fake
      message: No error found
      reason: ListenerReady
      status: "True"
      type: Ready
    hostname: '*.domain.example'
    port: 80
    protocol: HTTP
---
apiVersion: networking.x-k8s.io/v1alpha1
kind: HTTPRoute
metadata:
  creationTimestamp: null
  name: invalid-filter
  namespace: default
spec: null
status:
  gateways:
  - conditions:
    - lastTransitionTime: fake
      message: unsupported filter type "ExtensionRef"
      reason: InvalidFilter
      status: "False"
      type: Admitted
    gatewayRef:
      controller: istio.io/gateway-controller
      name: gateway-istio-autogenerated-k8s-gateway
      namespace: default
---
apiVersion: networking.x-k8s.io/v1alpha1
kind: HTTPRoute
metadata:
  creationTimestamp: null
  name: invalid-backendRef
  namespace: default
spec: null
status:
  gateways:
  - conditions:
    - lastTransitionTime: fake
      message: referencing unsupported destination; backendRef is not supported
      reason: InvalidDestination
      status: "False"
      type: Admitted
    gatewayRef:
      controller: istio.io/gateway-controller
      name: gateway-istio-autogenerated-k8s-gateway
      namespace: default
---
