apiVersion: networking.istio.io/v1alpha3
kind: Gateway
metadata:
  annotations:
    internal.istio.io/gateway-service: istio-ingressgateway.istio-system.svc.domain.suffix
  creationTimestamp: null
  name: gateway-istio-autogenerated-k8s-gateway
  namespace: istio-system
spec:
  servers:
  - hosts:
    - '*.domain.example'
    port:
      name: 0-gateway-gateway-istio-system
      number: 80
      protocol: HTTP
---
apiVersion: networking.istio.io/v1alpha3
kind: Gateway
metadata:
  annotations:
    internal.istio.io/gateway-service: fake-service.com
  creationTimestamp: null
  name: invalid-service-istio-autogenerated-k8s-gateway
  namespace: istio-system
spec:
  servers:
  - hosts:
    - '*.example'
    port:
      name: 0-gateway-invalid-service-istio-system
      number: 80
      protocol: HTTP
---
apiVersion: networking.istio.io/v1alpha3
kind: Gateway
metadata:
  annotations:
    internal.istio.io/gateway-service: istio-ingressgateway.istio-system.svc.domain.suffix
  creationTimestamp: null
  name: target-port-reference-istio-autogenerated-k8s-gateway
  namespace: istio-system
spec:
  servers:
  - hosts:
    - '*.example'
    port:
      name: 0-gateway-target-port-reference-istio-system
      number: 8080
      protocol: HTTP
---
apiVersion: networking.istio.io/v1alpha3
kind: Gateway
metadata:
  annotations:
    internal.istio.io/gateway-service: ""
  creationTimestamp: null
  name: invalid-gateway-address-istio-autogenerated-k8s-gateway
  namespace: invalid-gateway-address
spec:
  servers:
  - hosts:
    - '*.domain.example'
    port:
      name: 0-gateway-invalid-gateway-address-invalid-gateway-address
      number: 80
      protocol: HTTP
---
