apiVersion: networking.x-k8s.io/v1alpha1
kind: GatewayClass
metadata:
  creationTimestamp: null
  name: istio
  namespace: default
spec: null
status:
  conditions:
  - lastTransitionTime: fake
    message: Handled by Istio controller
    reason: Handled
    status: "True"
    type: Admitted
---
apiVersion: networking.x-k8s.io/v1alpha1
kind: Gateway
metadata:
  creationTimestamp: null
  name: gateway
  namespace: default
spec: null
status:
  conditions:
  - lastTransitionTime: fake
    message: Listeners valid
    reason: ListenersValid
    status: "True"
    type: Ready
  - lastTransitionTime: fake
    message: Resources available
    reason: ResourcesAvailable
    status: "True"
    type: Scheduled
  listeners:
  - conditions:
    - lastTransitionTime: fake
      message: No error found
      reason: ListenerReady
      status: "True"
      type: Ready
    hostname: '*.example.com'
    port: 80
    protocol: HTTP
---
apiVersion: networking.x-k8s.io/v1alpha1
kind: HTTPRoute
metadata:
  creationTimestamp: null
  name: echo
  namespace: default
spec: null
status:
  gateways:
  - conditions:
    - lastTransitionTime: fake
      message: Route admitted
      reason: RouteAdmitted
      status: "True"
      type: Admitted
    gatewayRef:
      name: mesh
      namespace: default
---
apiVersion: networking.x-k8s.io/v1alpha1
kind: HTTPRoute
metadata:
  creationTimestamp: null
  name: dual
  namespace: default
spec: null
status:
  gateways:
  - conditions:
    - lastTransitionTime: fake
      message: Route admitted
      reason: RouteAdmitted
      status: "True"
      type: Admitted
    gatewayRef:
      name: gateway-istio-autogenerated-k8s-gateway
      namespace: default
  - conditions:
    - lastTransitionTime: fake
      message: Route admitted
      reason: RouteAdmitted
      status: "True"
      type: Admitted
    gatewayRef:
      name: mesh
      namespace: default
---
