apiVersion: networking.istio.io/v1alpha3
kind: Gateway
metadata:
  annotations:
    internal.istio.io/gateway-service: istio-ingressgateway.istio-system.svc.domain.suffix,istio-ingressgateway.not-default.svc.domain.suffix,example.com
  creationTimestamp: null
  name: gateway-istio-autogenerated-k8s-gateway
  namespace: istio-system
spec:
  servers:
  - hosts:
    - '*.domain.example'
    port:
      name: 0-gateway-gateway-istio-system
      number: 80
      protocol: HTTP
  - hosts:
    - '*'
    port:
      name: 1-gateway-gateway-istio-system
      number: 34000
      protocol: TCP
---
