apiVersion: networking.x-k8s.io/v1alpha1
kind: GatewayClass
metadata:
  creationTimestamp: null
  name: istio
  namespace: default
spec: null
status:
  conditions:
  - lastTransitionTime: fake
    message: Handled by Istio controller
    reason: Handled
    status: "True"
    type: Admitted
---
apiVersion: networking.x-k8s.io/v1alpha1
kind: Gateway
metadata:
  creationTimestamp: null
  name: gateway
  namespace: istio-system
spec: null
status:
  addresses:
  - type: IPAddress
    value: 1.2.3.4
  conditions:
  - lastTransitionTime: fake
    message: 'Assigned to service(s) example.com:34000, example.com:80, istio-ingressgateway.istio-system.svc.domain.suffix:34000,
      and istio-ingressgateway.istio-system.svc.domain.suffix:80, but failed to assign
      to all requested addresses: hostname "istio-ingressgateway.not-default.svc.domain.suffix"
      not found'
    reason: AddressNotAssigned
    status: "False"
    type: Ready
  - lastTransitionTime: fake
    message: Resources available
    reason: ResourcesAvailable
    status: "True"
    type: Scheduled
  listeners:
  - conditions:
    - lastTransitionTime: fake
      message: No errors found
      reason: ListenerReady
      status: "False"
      type: Conflicted
    - lastTransitionTime: fake
      message: No errors found
      reason: ListenerReady
      status: "False"
      type: Detached
    - lastTransitionTime: fake
      message: No errors found
      reason: ListenerReady
      status: "True"
      type: Ready
    - lastTransitionTime: fake
      message: No errors found
      reason: ListenerReady
      status: "True"
      type: ResolvedRefs
    hostname: '*.domain.example'
    port: 80
    protocol: HTTP
  - conditions:
    - lastTransitionTime: fake
      message: No errors found
      reason: ListenerReady
      status: "False"
      type: Conflicted
    - lastTransitionTime: fake
      message: No errors found
      reason: ListenerReady
      status: "False"
      type: Detached
    - lastTransitionTime: fake
      message: No errors found
      reason: ListenerReady
      status: "True"
      type: Ready
    - lastTransitionTime: fake
      message: No errors found
      reason: ListenerReady
      status: "True"
      type: ResolvedRefs
    port: 34000
    protocol: TCP
---
