apiVersion: networking.istio.io/v1alpha3
kind: Gateway
metadata:
  annotations:
    internal.istio.io/gateway-service: istio-ingressgateway.istio-system.svc.domain.suffix
  creationTimestamp: null
  name: gateway-istio-autogenerated-k8s-gateway
  namespace: istio-system
spec:
  servers:
  - hosts:
    - '*'
    port:
      name: 0-gateway-gateway-istio-system
      number: 34000
      protocol: TCP
---
apiVersion: networking.istio.io/v1alpha3
kind: VirtualService
metadata:
  creationTimestamp: null
  name: tcp-tcp-istio-autogenerated-k8s-gateway
  namespace: default
spec:
  gateways:
  - istio-system/gateway-istio-autogenerated-k8s-gateway
  hosts:
  - '*'
  tcp:
  - route:
    - destination:
        host: httpbin.default.svc.domain.suffix
        port:
          number: 9090
---
